// Jest Snapshot v1, https://goo.gl/fbAQLP

exports[`Input component tests Input component renders correctly 1`] = `
<View
  style={
    Object {
      "width": "100%",
    }
  }
>
  <Text
    style={
      Object {
        "fontFamily": "open-sans-bold",
        "marginVertical": 8,
      }
    }
  />
  <TextInput
    allowFontScaling={true}
    onBlur={[Function]}
    onChangeText={[Function]}
    rejectResponderTermination={true}
    style={
      Object {
        "borderBottomColor": "#ccc",
        "borderBottomWidth": 1,
        "paddingHorizontal": 2,
        "paddingVertical": 5,
      }
    }
    underlineColorAndroid="transparent"
    value=""
  />
</View>
`;
